I'll start by exploring the relevant files to understand the codebase structure before implementing semantic tokens.
[Read] {'file_path': 'C:\\Users\\bscur\\Documents\\projects\\apexls\\.sdd\\worktrees\\backend-2292e2df\\crates\\apexls-server\\src\\lib.rs', 'offset': 660, '
[Read] {'file_path': 'C:\\Users\\bscur\\Documents\\projects\\apexls\\.sdd\\worktrees\\backend-2292e2df\\crates\\apexls-server\\src\\capabilities.rs', 'offset
Now let me read the binder's symbol.rs and the document_highlight handler in lib.rs.
[Read] {'file_path': 'C:\\Users\\bscur\\Documents\\projects\\apexls\\.sdd\\worktrees\\backend-2292e2df\\crates\\apex-binder\\src\\symbol.rs', 'limit': 100}
[Read] {'file_path': 'C:\\Users\\bscur\\Documents\\projects\\apexls\\.sdd\\worktrees\\backend-2292e2df\\crates\\apexls-server\\src\\lib.rs', 'offset': 1080, 
[Read] {'file_path': 'C:\\Users\\bscur\\Documents\\projects\\apexls\\.sdd\\worktrees\\backend-2292e2df\\crates\\apex-binder\\src\\resolve.rs', 'limit': 120}
[Read] {'file_path': 'C:\\Users\\bscur\\Documents\\projects\\apexls\\.sdd\\worktrees\\backend-2292e2df\\crates\\apexls-server\\src\\capabilities.rs', 'limit'
Now let me look at the BoundProgram API and reference_table to understand how to iterate references per file.
[Read] {'file_path': 'C:\\Users\\bscur\\Documents\\projects\\apexls\\.sdd\\worktrees\\backend-2292e2df\\crates\\apex-binder\\src\\reference_table.rs', 'limit
[Glob] {'pattern': 'crates/apex-binder/src/lib.rs', 'path': 'C:\\Users\\bscur\\Documents\\projects\\apexls\\.sdd\\worktrees\\backend-2292e2df'}
[Read] {'file_path': 'C:\\Users\\bscur\\Documents\\projects\\apexls\\.sdd\\worktrees\\backend-2292e2df\\crates\\apex-binder\\src\\lib.rs', 'limit': 100}
[Read] {'file_path': 'C:\\Users\\bscur\\Documents\\projects\\apexls\\.sdd\\worktrees\\backend-2292e2df\\crates\\apex-binder\\src\\reference_table.rs', 'offse
Now let me look at BoundProgram's API for iterating all references in a file.
[Read] {'file_path': 'C:\\Users\\bscur\\Documents\\projects\\apexls\\.sdd\\worktrees\\backend-2292e2df\\crates\\apex-binder\\src\\lib.rs', 'offset': 100, 'li
Let me look for the BoundProgram methods that iterate references in a file.
[Bash] {'command': 'cd "C:\\Users\\bscur\\Documents\\projects\\apexls\\.sdd\\worktrees\\backend-2292e2df" && git grep -n "pub fn references_\\|pub fn all_ref
[Read] {'file_path': 'C:\\Users\\bscur\\Documents\\projects\\apexls\\.sdd\\worktrees\\backend-2292e2df\\crates\\apex-binder\\src\\lib.rs', 'offset': 939, 'li
[Read] {'file_path': 'C:\\Users\\bscur\\Documents\\projects\\apexls\\.sdd\\worktrees\\backend-2292e2df\\crates\\apex-binder\\src\\lib.rs', 'offset': 1058, 'l
Now let me look at the current imports in capabilities.rs and the LanguageServer impl in lib.rs.
[Read] {'file_path': 'C:\\Users\\bscur\\Documents\\projects\\apexls\\.sdd\\worktrees\\backend-2292e2df\\crates\\apexls-server\\src\\lib.rs', 'limit': 50}
[Bash] {'command': 'cd "C:\\Users\\bscur\\Documents\\projects\\apexls\\.sdd\\worktrees\\backend-2292e2df" && git grep -n "SemanticToken\\|semantic_token\\|ls
[Read] {'file_path': 'C:\\Users\\bscur\\Documents\\projects\\apexls\\.sdd\\worktrees\\backend-2292e2df\\crates\\apexls-server\\src\\lib.rs', 'offset': 88, 'l
Now let me look at `highlight_range` and `symbols_of_file`:
[Bash] {'command': 'cd "C:\\Users\\bscur\\Documents\\projects\\apexls\\.sdd\\worktrees\\backend-2292e2df" && git grep -n "pub fn highlight_range\\|pub fn sym
[Read] {'file_path': 'C:\\Users\\bscur\\Documents\\projects\\apexls\\.sdd\\worktrees\\backend-2292e2df\\crates\\apex-binder\\src\\lib.rs', 'offset': 877, 'li
Let me look at the LanguageServer impl in lib.rs to understand where to add the semantic_tokens_full handler.
[Bash] {'command': 'cd "C:\\Users\\bscur\\Documents\\projects\\apexls\\.sdd\\worktrees\\backend-2292e2df" && git grep -n "impl LanguageServer\\|fn document_h
[Read] {'file_path': 'C:\\Users\\bscur\\Documents\\projects\\apexls\\.sdd\\worktrees\\backend-2292e2df\\crates\\apexls-server\\src\\lib.rs', 'offset': 1360, 
Let me check the lsp_types version and available SemanticTokenType variants.
[Bash] {'command': 'cd "C:\\Users\\bscur\\Documents\\projects\\apexls\\.sdd\\worktrees\\backend-2292e2df" && git grep -n "SemanticToken\\|semantic_tokens" --
[Bash] {'command': 'cd "C:\\Users\\bscur\\Documents\\projects\\apexls\\.sdd\\worktrees\\backend-2292e2df" && cat crates/apexls-server/Cargo.toml', 'descripti
[Read] {'file_path': 'C:\\Users\\bscur\\Documents\\projects\\apexls\\.sdd\\worktrees\\backend-2292e2df\\crates\\apex-binder\\src\\symbol.rs', 'offset': 100, 
Let me check the end of lib.rs to understand the full LanguageServer impl.
[Bash] {'command': 'cd "C:\\Users\\bscur\\Documents\\projects\\apexls\\.sdd\\worktrees\\backend-2292e2df" && wc -l crates/apexls-server/src/lib.rs', 'descrip
[Read] {'file_path': 'C:\\Users\\bscur\\Documents\\projects\\apexls\\.sdd\\worktrees\\backend-2292e2df\\crates\\apexls-server\\src\\lib.rs', 'offset': 1440, 
Let me check what lsp_types 0.95.0 exports for semantic tokens.
[Bash] {'command': 'cd "C:\\Users\\bscur\\Documents\\projects\\apexls\\.sdd\\worktrees\\backend-2292e2df" && find ~/.cargo/registry/src -name "*.rs" -path "*
[Bash] {'command': 'ls /c/Users/bscur/.cargo/registry/src/index.crates.io-1949cf8c6b5b557f/lsp-types-0.95.1/src/ | grep -i semantic', 'description': 'Find se
[Read] {'file_path': '/c/Users/bscur/.cargo/registry/src/index.crates.io-1949cf8c6b5b557f/lsp-types-0.95.1/src/semantic_tokens.rs', 'limit': 200}
[Read] {'file_path': '/c/Users/bscur/.cargo/registry/src/index.crates.io-1949cf8c6b5b557f/lsp-types-0.95.1/src/semantic_tokens.rs', 'offset': 200, 'limit': 2
[Read] {'file_path': '/c/Users/bscur/.cargo/registry/src/index.crates.io-1949cf8c6b5b557f/lsp-types-0.95.1/src/semantic_tokens.rs', 'offset': 399, 'limit': 2
Now let me check the async-lsp LanguageServer trait for the semantic_tokens_full method signature.
[Bash] {'command': 'find /c/Users/bscur/.cargo/registry/src/index.crates.io-1949cf8c6b5b557f/async-lsp-0.2.4 -name "*.rs" 2>/dev/null | xargs grep -l "semant
[Bash] {'command': 'grep -n "semantic_tokens\\|fn semantic" /c/Users/bscur/.cargo/registry/src/index.crates.io-1949cf8c6b5b557f/async-lsp-0.2.4/src/omni_trai
[Bash] {'command': 'grep -n -A5 "semantic_tokens_full\\b" /c/Users/bscur/.cargo/registry/src/index.crates.io-1949cf8c6b5b557f/async-lsp-0.2.4/src/omni_trait_
[Bash] {'command': 'grep -n "fn semantic_tokens_full\\b" /c/Users/bscur/.cargo/registry/src/index.crates.io-1949cf8c6b5b557f/async-lsp-0.2.4/src/omni_trait_g
[Bash] {'command': 'grep -rn "fn semantic_tokens_full" /c/Users/bscur/.cargo/registry/src/index.crates.io-1949cf8c6b5b557f/async-lsp-0.2.4/src/ | head -10', 
[Read] {'file_path': '/c/Users/bscur/.cargo/registry/src/index.crates.io-1949cf8c6b5b557f/async-lsp-0.2.4/src/omni_trait_generated.rs', 'limit': 60}
[Bash] {'command': 'grep -rn "SemanticTokensResult\\|SemanticTokensParams\\|fn semantic_tokens_full" /c/Users/bscur/.cargo/registry/src/index.crates.io-1949c
[Bash] {'command': 'ls /c/Users/bscur/.cargo/registry/src/index.crates.io-1949cf8c6b5b557f/async-lsp-0.2.4/src/', 'description': 'List async-lsp source files
[Bash] {'command': 'grep -n "semantic_tokens_full\\|SemanticToken" /c/Users/bscur/.cargo/registry/src/index.crates.io-1949cf8c6b5b557f/async-lsp-0.2.4/src/om
[Read] {'file_path': '/c/Users/bscur/.cargo/registry/src/index.crates.io-1949cf8c6b5b557f/async-lsp-0.2.4/src/omni_trait.rs', 'limit': 100}
[Bash] {'command': 'grep -n "SemanticTokensFull\\|semantic_tokens_full" /c/Users/bscur/.cargo/registry/src/index.crates.io-1949cf8c6b5b557f/lsp-types-0.95.1/
[Bash] {'command': "sed -n '735,755p' /c/Users/bscur/.cargo/registry/src/index.crates.io-1949cf8c6b5b557f/lsp-types-0.95.1/src/request.rs", 'description': 'R
Let me check if there are existing tests in capabilities.rs.
[Bash] {'command': 'cd "C:\\Users\\bscur\\Documents\\projects\\apexls\\.sdd\\worktrees\\backend-2292e2df" && git grep -n "cfg(test)\\|mod tests" -- crates/ap
[Bash] {'command': 'cd "C:\\Users\\bscur\\Documents\\projects\\apexls\\.sdd\\worktrees\\backend-2292e2df" && git grep -rn "BoundProgram::from_files\\b" -- cr
[Bash] {'command': 'cd "C:\\Users\\bscur\\Documents\\projects\\apexls\\.sdd\\worktrees\\backend-2292e2df" && git grep -rn "BoundProgram::from" -- crates/apex
[Bash] {'command': 'ls "C:\\Users\\bscur\\Documents\\projects\\apexls\\.sdd\\worktrees\\backend-2292e2df\\crates\\apex-binder\\tests\\" 2>/dev/null | head -1
[Bash] {'command': 'ls /c/Users/bscur/Documents/projects/apexls/.sdd/worktrees/backend-2292e2df/crates/apex-binder/tests/ 2>/dev/null | head -10', 'descripti
[Bash] {'command': 'find /c/Users/bscur/Documents/projects/apexls/.sdd/worktrees/backend-2292e2df/crates/apex-binder -name "*.rs" | xargs grep -l "fn test_\\
[Bash] {'command': 'cd "C:\\Users\\bscur\\Documents\\projects\\apexls\\.sdd\\worktrees\\backend-2292e2df" && git grep -rn "#\\[test\\]" -- crates/apex-binder
[Bash] {'command': 'cd "C:\\Users\\bscur\\Documents\\projects\\apexls\\.sdd\\worktrees\\backend-2292e2df" && git grep -rn "from_files_with_overrides\\|BoundP
[Bash] {'command': 'cd "C:\\Users\\bscur\\Documents\\projects\\apexls\\.sdd\\worktrees\\backend-2292e2df" && git grep -rn "from_files_with_overrides\\|BoundP
[Bash] {'command': 'cd "C:\\Users\\bscur\\Documents\\projects\\apexls\\.sdd\\worktrees\\backend-2292e2df" && git grep -n "from_files_with_overrides\\|BoundPr
[Bash] {'command': 'cd "C:\\Users\\bscur\\Documents\\projects\\apexls\\.sdd\\worktrees\\backend-2292e2df" && git grep -n "from_files_with_overrides\\|BoundPr
Let me look for integration test patterns in the tests directory.
[Bash] {'command': 'cd "C:\\Users\\bscur\\Documents\\projects\\apexls\\.sdd\\worktrees\\backend-2292e2df" && ls tests/ 2>/dev/null | head -10 && git grep -rn
[Bash] {'command': 'cd "C:\\Users\\bscur\\Documents\\projects\\apexls\\.sdd\\worktrees\\backend-2292e2df" && git grep -rn "BoundProgram\\|from_files" | head 
[Bash] {'command': 'cd "C:\\Users\\bscur\\Documents\\projects\\apexls\\.sdd\\worktrees\\backend-2292e2df" && git status', 'description': 'Check git status'}
[Bash] {'command': 'pwd && ls', 'description': 'Check current working directory'}
[Bash] {'command': 'cd "C:\\Users\\bscur\\Documents\\projects\\apexls\\.sdd\\worktrees\\backend-2292e2df" && cat .git 2>/dev/null || ls -la', 'description': 
[Bash] {'command': 'cd "C:\\Users\\bscur\\Documents\\projects\\apexls\\.sdd\\worktrees\\backend-2292e2df" && git rev-parse --show-toplevel && git worktree li
[Bash] {'command': 'cd "C:\\Users\\bscur\\Documents\\projects\\apexls\\.sdd\\worktrees\\backend-2292e2df" && git branch --list "agent/*" && git log --oneline
[Bash] {'command': 'cd "C:\\Users\\bscur\\Documents\\projects\\apexls\\.sdd\\worktrees\\backend-2292e2df" && git log agent/backend-2292e2df --oneline -5 && g
[Bash] {'command': 'cd "C:\\Users\\bscur\\Documents\\projects\\apexls\\.sdd\\worktrees\\backend-2292e2df" && git checkout agent/backend-2292e2df', 'descripti
Good. Now I'm on the right branch. Let me look at the end of capabilities.rs to understand its full size, then implement the changes.
[Bash] {'command': 'cd "C:\\Users\\bscur\\Documents\\projects\\apexls\\.sdd\\worktrees\\backend-2292e2df" && wc -l crates/apexls-server/src/capabilities.rs',
[Bash] {'command': 'ls /c/Users/bscur/Documents/projects/apexls/crates/apexls-server/src/', 'description': 'List source files in apexls-server/src'}
[Bash] {'command': 'ls -la /c/Users/bscur/Documents/projects/apexls/.sdd/worktrees/backend-2292e2df/', 'description': 'Check worktree directory contents for 
[Bash] {'command': 'wc -l /c/Users/bscur/Documents/projects/apexls/crates/apexls-server/src/capabilities.rs', 'description': 'Get capabilities.rs actual size
[Read] {'file_path': 'C:\\Users\\bscur\\Documents\\projects\\apexls\\.sdd\\worktrees\\backend-2292e2df\\crates\\apexls-server\\src\\capabilities.rs', 'offset
[Read] {'file_path': 'C:\\Users\\bscur\\Documents\\projects\\apexls\\crates\\apexls-server\\src\\capabilities.rs', 'offset': 3100, 'limit': 60}
Let me read the actual capabilities.rs file from the correct path.
[Read] {'file_path': 'C:\\Users\\bscur\\Documents\\projects\\apexls\\crates\\apexls-server\\src\\capabilities.rs', 'limit': 35}
[Read] {'file_path': 'C:\\Users\\bscur\\Documents\\projects\\apexls\\crates\\apex-binder\\src\\symbol.rs', 'offset': 180, 'limit': 80}
Let me check how `stored_highlight_range` works to understand token range resolution.
[Bash] {'command': 'grep -n "stored_highlight_range\\|store_highlight_range\\|highlight_range" /c/Users/bscur/Documents/projects/apexls/crates/apex-binder/sr
Let me look at how other parts of the codebase test with BoundProgram.
[Bash] {'command': 'grep -rn "BoundProgram\\|from_files" /c/Users/bscur/Documents/projects/apexls/crates/ --include="*.rs" | grep -v "^Binary" | head -20', '
[Bash] {'command': 'grep -rn "tempdir\\|tempfile\\|TempDir\\|from_files_with_overrides" /c/Users/bscur/Documents/projects/apexls/crates/ --include="*.rs" | h
[Read] {'file_path': 'C:\\Users\\bscur\\Documents\\projects\\apexls\\crates\\apex-binder\\tests\\incremental_rebind.rs', 'offset': 280, 'limit': 40}
[Bash] {'command': 'ls /c/Users/bscur/Documents/projects/apexls/tests/ | head -20 && ls /c/Users/bscur/Documents/projects/apexls/tests/corpus/ | head -10', '
[Bash] {'command': 'ls /c/Users/bscur/Documents/projects/apexls/tests/regression/ | head -10 && ls /c/Users/bscur/Documents/projects/apexls/tests/golden/ | h
[Read] {'file_path': 'C:\\Users\\bscur\\Documents\\projects\\apexls\\crates\\apex-binder\\tests\\incremental_rebind.rs', 'limit': 40}
[Bash] {'command': 'grep -n "derive.*Copy\\|pub struct SyntaxPtr\\|pub struct AstPtr" /c/Users/bscur/Documents/projects/apexls/crates/apex-binder/src/ptr.rs 
Now let me look at the full context around where I'll insert `semantic_tokens_provider` in lib.rs.
[Read] {'file_path': 'C:\\Users\\bscur\\Documents\\projects\\apexls\\crates\\apexls-server\\src\\lib.rs', 'offset': 753, 'limit': 15}
Let me check the SymbolTable API for iteration:
[Bash] {'command': 'grep -n "pub fn iter\\|pub fn symbols_of_file\\|fn symbols_of_file" /c/Users/bscur/Documents/projects/apexls/crates/apex-binder/src/symbo
[RESULT] subtype=error_max_turns cost=$3.0087 turns=76 duration=692060ms
