I'll read the key files to understand the codebase structure before implementing.
[Read] {'file_path': 'C:\\Users\\bscur\\Documents\\projects\\apexls\\.sdd\\worktrees\\backend-6b07651f\\crates\\apexls-server\\src\\capabilities.rs', 'limit'
[Read] {'file_path': 'C:\\Users\\bscur\\Documents\\projects\\apexls\\.sdd\\worktrees\\backend-6b07651f\\crates\\apexls-server\\src\\lib.rs', 'limit': 50}
[Read] {'file_path': 'C:\\Users\\bscur\\Documents\\projects\\apexls\\.sdd\\worktrees\\backend-6b07651f\\crates\\apexls-server\\src\\capabilities.rs', 'offset
[Read] {'file_path': 'C:\\Users\\bscur\\Documents\\projects\\apexls\\.sdd\\worktrees\\backend-6b07651f\\crates\\apexls-server\\src\\lib.rs', 'offset': 650, '
Let me read the `document_highlight` handler and binder symbol data:
[Read] {'file_path': 'C:\\Users\\bscur\\Documents\\projects\\apexls\\.sdd\\worktrees\\backend-6b07651f\\crates\\apexls-server\\src\\lib.rs', 'offset': 1070, 
[Read] {'file_path': 'C:\\Users\\bscur\\Documents\\projects\\apexls\\.sdd\\worktrees\\backend-6b07651f\\crates\\apex-binder\\src\\symbol.rs', 'limit': 120}
[Read] {'file_path': 'C:\\Users\\bscur\\Documents\\projects\\apexls\\.sdd\\worktrees\\backend-6b07651f\\crates\\apex-binder\\src\\resolve.rs', 'limit': 80}
[Read] {'file_path': 'C:\\Users\\bscur\\Documents\\projects\\apexls\\.sdd\\worktrees\\backend-6b07651f\\crates\\apexls-server\\src\\lib.rs', 'offset': 1, 'li
Let me look at the reference_table and how `BoundProgram` exposes iteration over references:
[Grep] {'pattern': 'pub fn references_to_in_file|pub fn all_references|fn references_in_file|references_to_external_in_file', 'path': 'C:\\Users\\bscur\\Docu
[Glob] {'pattern': 'crates/apex-binder/src/*.rs', 'path': 'C:\\Users\\bscur\\Documents\\projects\\apexls\\.sdd\\worktrees\\backend-6b07651f'}
[Read] {'file_path': 'C:\\Users\\bscur\\Documents\\projects\\apexls\\.sdd\\worktrees\\backend-6b07651f\\crates\\apex-binder\\src\\lib.rs', 'offset': 1080, 'l
[Read] {'file_path': 'C:\\Users\\bscur\\Documents\\projects\\apexls\\.sdd\\worktrees\\backend-6b07651f\\crates\\apex-binder\\src\\reference_table.rs', 'limit
[Read] {'file_path': 'C:\\Users\\bscur\\Documents\\projects\\apexls\\.sdd\\worktrees\\backend-6b07651f\\crates\\apex-binder\\src\\reference_table.rs', 'offse
Now let me look at how `BoundProgram` iterates over all references in a file, and specifically find what API I can use to walk all tokens in a file:
[Read] {'file_path': 'C:\\Users\\bscur\\Documents\\projects\\apexls\\.sdd\\worktrees\\backend-6b07651f\\crates\\apex-binder\\src\\lib.rs', 'offset': 1000, 'l
[Read] {'file_path': 'C:\\Users\\bscur\\Documents\\projects\\apexls\\.sdd\\worktrees\\backend-6b07651f\\crates\\apex-binder\\src\\reference_table.rs', 'offse
Let me check the existing imports in lib.rs and how the LanguageServer trait is implemented:
[Read] {'file_path': 'C:\\Users\\bscur\\Documents\\projects\\apexls\\.sdd\\worktrees\\backend-6b07651f\\crates\\apexls-server\\src\\lib.rs', 'offset': 80, 'l
[Grep] {'pattern': 'SemanticToken', 'path': 'C:\\Users\\bscur\\Documents\\projects\\apexls\\.sdd\\worktrees\\backend-6b07651f', 'output_mode': 'files_with_ma
Let me check what lsp_types version is used and what semantic token types are available:
[Bash] {'command': 'cd "C:\\Users\\bscur\\Documents\\projects\\apexls\\.sdd\\worktrees\\backend-6b07651f" && grep -r "lsp-types\\|lsp_types" Cargo.toml crate
Let me check the `LanguageServer` trait signature for `semantic_tokens_full`:
[Bash] {'command': 'cd "C:\\Users\\bscur\\Documents\\projects\\apexls\\.sdd\\worktrees\\backend-6b07651f" && grep -r "semantic_tokens_full\\|SemanticTokens" 
[Bash] {'command': 'cd "C:\\Users\\bscur\\Documents\\projects\\apexls\\.sdd\\worktrees\\backend-6b07651f" && grep -A5 "semantic_tokens_full" ~/.cargo/registr
[Bash] {'command': 'grep -r "fn semantic_tokens_full" ~/.cargo/registry/src/index.crates.io-1949cf8c6b5b557f/async-lsp-0.2.4/src/ 2>/dev/null', 'description'
[Bash] {'command': 'grep -r "SemanticTokens" ~/.cargo/registry/src/index.crates.io-1949cf8c6b5b557f/async-lsp-0.2.4/src/ 2>/dev/null | head -10', 'descriptio
[Bash] {'command': 'ls ~/.cargo/registry/src/index.crates.io-1949cf8c6b5b557f/async-lsp-0.2.4/src/', 'description': 'List async-lsp source files'}
[Bash] {'command': 'grep -A3 "semantic_tokens_full\\b" ~/.cargo/registry/src/index.crates.io-1949cf8c6b5b557f/async-lsp-0.2.4/src/omni_trait.rs 2>/dev/null |
[Bash] {'command': 'grep "semantic_tokens" ~/.cargo/registry/src/index.crates.io-1949cf8c6b5b557f/async-lsp-0.2.4/src/omni_trait.rs 2>/dev/null', 'descriptio
[Bash] {'command': 'grep -r "SemanticTokensParams\\|SemanticTokens\\b" ~/.cargo/registry/src/index.crates.io-1949cf8c6b5b557f/lsp-types-0.95.1/src/ 2>/dev/nu
[Read] {'file_path': 'C:\\Users\\bscur\\.cargo\\registry\\src\\index.crates.io-1949cf8c6b5b557f\\lsp-types-0.95.1\\src\\semantic_tokens.rs', 'limit': 120}
[Read] {'file_path': 'C:\\Users\\bscur\\.cargo\\registry\\src\\index.crates.io-1949cf8c6b5b557f\\lsp-types-0.95.1\\src\\semantic_tokens.rs', 'offset': 120, '
[Read] {'file_path': 'C:\\Users\\bscur\\.cargo\\registry\\src\\index.crates.io-1949cf8c6b5b557f\\lsp-types-0.95.1\\src\\semantic_tokens.rs', 'offset': 249, '
[Read] {'file_path': 'C:\\Users\\bscur\\.cargo\\registry\\src\\index.crates.io-1949cf8c6b5b557f\\lsp-types-0.95.1\\src\\semantic_tokens.rs', 'offset': 368, '
[Read] {'file_path': 'C:\\Users\\bscur\\.cargo\\registry\\src\\index.crates.io-1949cf8c6b5b557f\\lsp-types-0.95.1\\src\\semantic_tokens.rs', 'offset': 464, '
[Read] {'file_path': 'C:\\Users\\bscur\\.cargo\\registry\\src\\index.crates.io-1949cf8c6b5b557f\\async-lsp-0.2.4\\src\\omni_trait_generated.rs', 'limit': 100
[Read] {'file_path': 'C:\\Users\\bscur\\.cargo\\registry\\src\\index.crates.io-1949cf8c6b5b557f\\async-lsp-0.2.4\\src\\omni_trait.rs', 'limit': 80}
[Read] {'file_path': 'C:\\Users\\bscur\\.cargo\\registry\\src\\index.crates.io-1949cf8c6b5b557f\\async-lsp-0.2.4\\src\\omni_trait.rs', 'offset': 78, 'limit':
[Bash] {'command': 'grep -A5 "SemanticTokensFullRequest\\|SemanticTokensFull " ~/.cargo/registry/src/index.crates.io-1949cf8c6b5b557f/lsp-types-0.95.1/src/re
[Bash] {'command': 'grep -n "fn symbols_of_file\\|symbols_of_file" "C:\\Users\\bscur\\Documents\\projects\\apexls\\.sdd\\worktrees\\backend-6b07651f\\crates\
[Bash] {'command': 'cd "C:\\Users\\bscur\\Documents\\projects\\apexls\\.sdd\\worktrees\\backend-6b07651f" && git grep -n "symbols_of_file\\|fn symbols_of_fil
[Bash] {'command': 'cd "C:\\Users\\bscur\\Documents\\projects\\apexls\\.sdd\\worktrees\\backend-6b07651f" && git grep -n "symbols_of_file" -- "*.rs" | head -
[Bash] {'command': 'cd "C:\\Users\\bscur\\Documents\\projects\\apexls\\.sdd\\worktrees\\backend-6b07651f" && git grep -n "symbols_of_file"', 'description': '
[Bash] {'command': 'cd "C:\\Users\\bscur\\Documents\\projects\\apexls\\.sdd\\worktrees\\backend-6b07651f" && git grep -n "symbol_at\\|symbols.get\\|symbols\\
[Grep] {'pattern': 'symbol_at|symbols\\.get|symbols_of_file|SymbolTable|pub struct SymbolTable', 'path': 'C:\\Users\\bscur\\Documents\\projects\\apexls\\.sdd
[Glob] {'pattern': 'crates/apex-binder/**/*.rs'}
[Bash] {'command': 'ls "C:\\Users\\bscur\\Documents\\projects\\apexls\\.sdd\\worktrees\\backend-6b07651f\\crates"', 'description': 'List crates directory'}
[PowerShell] {'command': 'ls "C:\\Users\\bscur\\Documents\\projects\\apexls\\.sdd\\worktrees\\backend-6b07651f"', 'description': 'List worktree root'}
[PowerShell] {'command': 'ls "C:\\Users\\bscur\\Documents\\projects\\apexls\\.sdd\\worktrees\\backend-6b07651f\\.sdd"', 'description': 'List .sdd directory content
[PowerShell] {'command': 'cd "C:\\Users\\bscur\\Documents\\projects\\apexls"; git worktree list 2>&1', 'description': 'List git worktrees'}
[PowerShell] {'command': 'ls "C:\\Users\\bscur\\Documents\\projects\\apexls" | Select-Object -First 20', 'description': 'List main repo directory'}
[PowerShell] {'command': 'ls -Force "C:\\Users\\bscur\\Documents\\projects\\apexls\\.sdd\\worktrees\\backend-6b07651f" | Select-Object Name, Mode', 'description': 
[PowerShell] {'command': 'cd "C:\\Users\\bscur\\Documents\\projects\\apexls"; git branch -a | Select-String "backend-6b07651f"', 'description': 'Check if agent bra
Let me check if there's an `EnterWorktree` tool available:
[ToolSearch] {'query': 'select:EnterWorktree', 'max_results': 1}
I need to set up the git worktree first. Let me check the situation:
[PowerShell] {'command': 'cd "C:\\Users\\bscur\\Documents\\projects\\apexls"; git worktree list; git branch -a | Select-String "backend-6b07651f"', 'description': 
[PowerShell] {'command': 'cd "C:\\Users\\bscur\\Documents\\projects\\apexls"; git worktree add --force "C:\\Users\\bscur\\Documents\\projects\\apexls\\.sdd\\worktr
[PowerShell] {'command': 'cd "C:\\Users\\bscur\\Documents\\projects\\apexls"; git worktree add "C:\\Users\\bscur\\Documents\\projects\\apexls\\.sdd\\worktrees\\bac
[PowerShell] {'command': 'ls "C:\\Users\\bscur\\Documents\\projects\\apexls\\.sdd\\worktrees\\backend-6b07651f-wt\\crates\\apexls-server\\src" 2>&1', 'description'
The worktree is set up. Now I have the source code. Let me verify this branch starts from the same base and check what's in the apex-binder crate to understand the public API:
[Grep] {'pattern': 'pub fn resolutions_in_file|symbols_of_file|symbols\\.symbols_of_file', 'path': 'C:\\Users\\bscur\\Documents\\projects\\apexls\\.sdd\\work
[Read] {'file_path': 'C:\\Users\\bscur\\Documents\\projects\\apexls\\.sdd\\worktrees\\backend-6b07651f-wt\\crates\\apex-binder\\src\\lib.rs', 'offset': 1035,
Now let me also look at what's exported from apex-binder (the `pub use` in lib.rs):
[Grep] {'pattern': 'pub use|pub struct BoundProgram|pub symbols', 'path': 'C:\\Users\\bscur\\Documents\\projects\\apexls\\.sdd\\worktrees\\backend-6b07651f-w
[Grep] {'pattern': 'fn symbols_of_file', 'path': 'C:\\Users\\bscur\\Documents\\projects\\apexls\\.sdd\\worktrees\\backend-6b07651f-wt\\crates\\apex-binder', 
[Grep] {'pattern': 'pub fn.*file.*symbol|symbols_in_file|declared_symbols|pub fn symbol_at', 'path': 'C:\\Users\\bscur\\Documents\\projects\\apexls\\.sdd\\wo
[Read] {'file_path': 'C:\\Users\\bscur\\Documents\\projects\\apexls\\.sdd\\worktrees\\backend-6b07651f-wt\\crates\\apex-binder\\src\\lib.rs', 'offset': 1185,
[Read] {'file_path': 'C:\\Users\\bscur\\Documents\\projects\\apexls\\.sdd\\worktrees\\backend-6b07651f-wt\\crates\\apex-binder\\src\\dead_code.rs', 'limit': 
[Read] {'file_path': 'C:\\Users\\bscur\\Documents\\projects\\apexls\\.sdd\\worktrees\\backend-6b07651f-wt\\crates\\apex-binder\\src\\dead_code.rs', 'offset':
[Grep] {'pattern': 'pub fn dead_symbols_in_file', 'path': 'C:\\Users\\bscur\\Documents\\projects\\apexls\\.sdd\\worktrees\\backend-6b07651f-wt\\crates\\apex-
[Read] {'file_path': 'C:\\Users\\bscur\\Documents\\projects\\apexls\\.sdd\\worktrees\\backend-6b07651f-wt\\crates\\apex-binder\\src\\dead_code.rs', 'offset':
[Grep] {'pattern': '^    pub fn', 'path': 'C:\\Users\\bscur\\Documents\\projects\\apexls\\.sdd\\worktrees\\backend-6b07651f-wt\\crates\\apex-binder\\src\\sym
[Read] {'file_path': 'C:\\Users\\bscur\\Documents\\projects\\apexls\\.sdd\\worktrees\\backend-6b07651f-wt\\crates\\apex-binder\\src\\symbol_table.rs', 'offse
[Read] {'file_path': 'C:\\Users\\bscur\\Documents\\projects\\apexls\\.sdd\\worktrees\\backend-6b07651f-wt\\crates\\apex-binder\\src\\symbol.rs', 'offset': 12
[Grep] {'pattern': 'pub fn highlight_range', 'path': 'C:\\Users\\bscur\\Documents\\projects\\apexls\\.sdd\\worktrees\\backend-6b07651f-wt\\crates\\apex-binde
[Bash] {'command': 'grep -n "highlight_range" "C:/Users/bscur/Documents/projects/apexls/.sdd/worktrees/backend-6b07651f-wt/crates/apex-binder/src/lib.rs" | h
[PowerShell] {'command': 'Select-String -Path "C:\\Users\\bscur\\Documents\\projects\\apexls\\.sdd\\worktrees\\backend-6b07651f-wt\\crates\\apex-binder\\src\\lib.r
[PowerShell] {'command': 'ls "C:\\Users\\bscur\\Documents\\projects\\apexls\\.sdd\\worktrees\\backend-6b07651f-wt\\crates" 2>&1', 'description': 'Check crates in n
[PowerShell] {'command': 'ls "C:\\Users\\bscur\\Documents\\projects\\apexls\\.sdd\\worktrees\\" 2>&1', 'description': 'List all worktrees'}
[PowerShell] {'command': 'cd "C:\\Users\\bscur\\Documents\\projects\\apexls"; git worktree list 2>&1', 'description': 'List git worktrees after creation'}
[PowerShell] {'command': 'git -C "C:\\Users\\bscur\\Documents\\projects\\apexls" worktree list 2>&1', 'description': 'List git worktrees using absolute path'}
[PowerShell] {'command': 'ls "C:\\Users\\bscur\\Documents\\projects\\apexls\\.sdd\\worktrees\\backend-6b07651f-wt" -ErrorAction SilentlyContinue; ls "C:\\Users\\bs
[PowerShell] {'command': 'git -C "C:\\Users\\bscur\\Documents\\projects\\apexls" worktree add "C:\\Users\\bscur\\Documents\\projects\\apexls-backend-agent" "agent/
[PowerShell] {'command': 'git -C "C:\\Users\\bscur\\Documents\\projects\\apexls" worktree list 2>&1; ls "C:\\Users\\bscur\\Documents\\projects\\apexls-backend-agen
The worktree is set up at `C:\Users\bscur\Documents\projects\apexls-backend-agent`. Now I have everything I need. Let me read the current `capabilities.rs` end to find the best insertion point, and the end of the imports:
[Read] {'file_path': 'C:\\Users\\bscur\\Documents\\projects\\apexls-backend-agent\\crates\\apexls-server\\src\\capabilities.rs', 'offset': 1, 'limit': 32}
[Read] {'file_path': 'C:\\Users\\bscur\\Documents\\projects\\apexls-backend-agent\\crates\\apexls-server\\src\\capabilities.rs', 'offset': 2480, 'limit': 40}
[Read] {'file_path': 'C:\\Users\\bscur\\Documents\\projects\\apexls-backend-agent\\crates\\apexls-server\\src\\capabilities.rs', 'offset': 2518, 'limit': 60}
[Grep] {'pattern': '#\\[cfg\\(test\\)\\]|#\\[test\\]', 'path': 'C:\\Users\\bscur\\Documents\\projects\\apexls-backend-agent\\crates\\apexls-server\\src\\capa
[Bash] {'command': 'find "C:/Users/bscur/Documents/projects/apexls-backend-agent/crates/apex-binder/src" -name "*.rs" | xargs grep -l "#\\[test\\]" 2>/dev/nu
[Bash] {'command': 'grep -n "#\\[test\\]\\|BoundProgram::from\\|fn.*test" "C:/Users/bscur/Documents/projects/apexls-backend-agent/crates/apex-binder/src/dead
[Read] {'file_path': 'C:\\Users\\bscur\\Documents\\projects\\apexls-backend-agent\\crates\\apex-binder\\src\\dead_code.rs', 'offset': 490, 'limit': 30}
[RESULT] subtype=error_max_turns cost=$2.6499 turns=76 duration=439512ms
